Session folder: output/sub0_axis_sweep/20260721_150622
Console log:    output/sub0_axis_sweep/20260721_150622/run.log
=========================================================
 SUB-DATASET 0: Single-axis R(phi) cut
=========================================================
  Axis:               X
  Angle:              -90 to 90 deg (step 1)
  Fixed LED-PD dist:  1 m
  Acquisition:        1 s (1000 samples @ 1000 Hz)
  Total orientations: 181
  Estimated time:     4.5 min
=========================================================

--- Robot base position (global frame, meters) ---
Robot base X [m]: Robot base Y [m]: Sending robot base to (-0.5, -0.5, 0.6) [calibration offset included]...
Sending PD to (0.0, 0.0, 1.0)...
[Info] Sending command for receiver to face upward (vertical)...
PD in position, pointing to the zenith.

--- Session metadata (press Enter to skip a field) ---
Operator: LED serial: PD serial: I_LED [mA] (manual): T_ambient [C] (manual): T_LED [C] (manual): Moving gimbal to (0,0)...

=== STARTING SINGLE-AXIS SWEEP ===

[15:07:31] 1/181  axis=X  angle=-90.0  (inc=90.0, az=180.0)  ->  V = 0.535877 V
[15:07:35] 2/181  axis=X  angle=-89.000000  (inc=89.000000, az=180.000000)  ->  V = 0.536500 V
[15:07:40] 3/181  axis=X  angle=-88.000000  (inc=88.000000, az=180.000000)  ->  V = 0.526050 V
[15:07:44] 4/181  axis=X  angle=-87.000000  (inc=87.000000, az=180.000000)  ->  V = 0.523531 V
[15:07:48] 5/181  axis=X  angle=-86.000000  (inc=86.000000, az=180.000000)  ->  V = 0.536881 V
[15:07:52] 6/181  axis=X  angle=-85.000000  (inc=85.000000, az=180.000000)  ->  V = 0.573855 V
[15:07:56] 7/181  axis=X  angle=-84.000000  (inc=84.000000, az=180.000000)  ->  V = 0.652890 V
[15:08:00] 8/181  axis=X  angle=-83.000000  (inc=83.000000, az=180.000000)  ->  V = 0.711581 V
[15:08:05] 9/181  axis=X  angle=-82.000000  (inc=82.000000, az=180.000000)  ->  V = 0.730673 V
[15:08:09] 10/181  axis=X  angle=-81.000000  (inc=81.000000, az=180.000000)  ->  V = 0.739073 V
[15:08:13] 11/181  axis=X  angle=-80.000000  (inc=80.000000, az=180.000000)  ->  V = 0.742047 V
[15:08:17] 12/181  axis=X  angle=-79.000000  (inc=79.000000, az=180.000000)  ->  V = 0.735029 V
[15:08:21] 13/181  axis=X  angle=-78.000000  (inc=78.000000, az=180.000000)  ->  V = 0.707343 V
[15:08:25] 14/181  axis=X  angle=-77.000000  (inc=77.000000, az=180.000000)  ->  V = 0.682160 V
[15:08:30] 15/181  axis=X  angle=-76.000000  (inc=76.000000, az=180.000000)  ->  V = 0.663136 V
[15:08:34] 16/181  axis=X  angle=-75.000000  (inc=75.000000, az=180.000000)  ->  V = 0.671623 V
[15:08:38] 17/181  axis=X  angle=-74.000000  (inc=74.000000, az=180.000000)  ->  V = 0.686277 V
[15:08:42] 18/181  axis=X  angle=-73.000000  (inc=73.000000, az=180.000000)  ->  V = 0.702885 V
[15:08:46] 19/181  axis=X  angle=-72.000000  (inc=72.000000, az=180.000000)  ->  V = 0.708611 V
[15:08:50] 20/181  axis=X  angle=-71.000000  (inc=71.000000, az=180.000000)  ->  V = 0.718143 V
[15:08:54] 21/181  axis=X  angle=-70.000000  (inc=70.000000, az=180.000000)  ->  V = 0.737924 V
[15:08:59] 22/181  axis=X  angle=-69.000000  (inc=69.000000, az=180.000000)  ->  V = 0.763869 V
[15:09:03] 23/181  axis=X  angle=-68.000000  (inc=68.000000, az=180.000000)  ->  V = 0.792044 V
[15:09:07] 24/181  axis=X  angle=-67.000000  (inc=67.000000, az=180.000000)  ->  V = 0.823119 V
[15:09:11] 25/181  axis=X  angle=-66.000000  (inc=66.000000, az=180.000000)  ->  V = 0.847779 V
[15:09:15] 26/181  axis=X  angle=-65.000000  (inc=65.000000, az=180.000000)  ->  V = 0.880275 V
[15:09:19] 27/181  axis=X  angle=-64.000000  (inc=64.000000, az=180.000000)  ->  V = 0.909657 V
[15:09:24] 28/181  axis=X  angle=-63.000000  (inc=63.000000, az=180.000000)  ->  V = 0.943412 V
[15:09:28] 29/181  axis=X  angle=-62.000000  (inc=62.000000, az=180.000000)  ->  V = 0.985346 V
[15:09:32] 30/181  axis=X  angle=-61.000000  (inc=61.000000, az=180.000000)  ->  V = 1.032970 V
[15:09:36] 31/181  axis=X  angle=-60.000000  (inc=60.000000, az=180.000000)  ->  V = 1.100202 V
[15:09:40] 32/181  axis=X  angle=-59.000000  (inc=59.000000, az=180.000000)  ->  V = 1.178722 V
[15:09:44] 33/181  axis=X  angle=-58.000000  (inc=58.000000, az=180.000000)  ->  V = 1.256442 V
[15:09:48] 34/181  axis=X  angle=-57.000000  (inc=57.000000, az=180.000000)  ->  V = 1.355490 V
[15:09:53] 35/181  axis=X  angle=-56.000000  (inc=56.000000, az=180.000000)  ->  V = 1.454902 V
[15:09:57] 36/181  axis=X  angle=-55.000000  (inc=55.000000, az=180.000000)  ->  V = 1.568315 V
[15:10:01] 37/181  axis=X  angle=-54.000000  (inc=54.000000, az=180.000000)  ->  V = 1.701121 V
[15:10:05] 38/181  axis=X  angle=-53.000000  (inc=53.000000, az=180.000000)  ->  V = 1.830596 V
[15:10:09] 39/181  axis=X  angle=-52.000000  (inc=52.000000, az=180.000000)  ->  V = 2.015100 V
[15:10:13] 40/181  axis=X  angle=-51.000000  (inc=51.000000, az=180.000000)  ->  V = 2.201549 V
[15:10:17] 41/181  axis=X  angle=-50.000000  (inc=50.000000, az=180.000000)  ->  V = 2.401461 V
[15:10:22] 42/181  axis=X  angle=-49.000000  (inc=49.000000, az=180.000000)  ->  V = 2.611069 V
[15:10:26] 43/181  axis=X  angle=-48.000000  (inc=48.000000, az=180.000000)  ->  V = 2.858367 V
[15:10:30] 44/181  axis=X  angle=-47.000000  (inc=47.000000, az=180.000000)  ->  V = 3.099294 V
[15:10:34] 45/181  axis=X  angle=-46.000000  (inc=46.000000, az=180.000000)  ->  V = 3.329905 V
[15:10:38] 46/181  axis=X  angle=-45.000000  (inc=45.000000, az=180.000000)  ->  V = 3.576433 V
[15:10:42] 47/181  axis=X  angle=-44.000000  (inc=44.000000, az=180.000000)  ->  V = 3.832940 V
[15:10:46] 48/181  axis=X  angle=-43.000000  (inc=43.000000, az=180.000000)  ->  V = 4.089172 V
[15:10:50] 49/181  axis=X  angle=-42.000000  (inc=42.000000, az=180.000000)  ->  V = 4.357239 V
[15:10:55] 50/181  axis=X  angle=-41.000000  (inc=41.000000, az=180.000000)  ->  V = 4.623887 V
[15:10:59] 51/181  axis=X  angle=-40.000000  (inc=40.000000, az=180.000000)  ->  V = 4.916165 V
[15:11:03] 52/181  axis=X  angle=-39.000000  (inc=39.000000, az=180.000000)  ->  V = 5.196201 V
[15:11:07] 53/181  axis=X  angle=-38.000000  (inc=38.000000, az=180.000000)  ->  V = 5.472091 V
[15:11:11] 54/181  axis=X  angle=-37.000000  (inc=37.000000, az=180.000000)  ->  V = 5.749139 V
[15:11:15] 55/181  axis=X  angle=-36.000000  (inc=36.000000, az=180.000000)  ->  V = 6.004991 V
[15:11:19] 56/181  axis=X  angle=-35.000000  (inc=35.000000, az=180.000000)  ->  V = 6.265750 V
[15:11:24] 57/181  axis=X  angle=-34.000000  (inc=34.000000, az=180.000000)  ->  V = 6.507978 V
[15:11:28] 58/181  axis=X  angle=-33.000000  (inc=33.000000, az=180.000000)  ->  V = 6.753547 V
[15:11:32] 59/181  axis=X  angle=-32.000000  (inc=32.000000, az=180.000000)  ->  V = 6.997449 V
[15:11:36] 60/181  axis=X  angle=-31.000000  (inc=31.000000, az=180.000000)  ->  V = 7.225895 V
[15:11:40] 61/181  axis=X  angle=-30.000000  (inc=30.000000, az=180.000000)  ->  V = 7.458014 V
[15:11:44] 62/181  axis=X  angle=-29.000000  (inc=29.000000, az=180.000000)  ->  V = 7.660157 V
[15:11:48] 63/181  axis=X  angle=-28.000000  (inc=28.000000, az=180.000000)  ->  V = 7.868659 V
[15:11:53] 64/181  axis=X  angle=-27.000000  (inc=27.000000, az=180.000000)  ->  V = 8.103508 V
[15:11:57] 65/181  axis=X  angle=-26.000000  (inc=26.000000, az=180.000000)  ->  V = 8.348756 V
[15:12:01] 66/181  axis=X  angle=-25.000000  (inc=25.000000, az=180.000000)  ->  V = 8.541224 V
[15:12:05] 67/181  axis=X  angle=-24.000000  (inc=24.000000, az=180.000000)  ->  V = 8.725607 V
[15:12:09] 68/181  axis=X  angle=-23.000000  (inc=23.000000, az=180.000000)  ->  V = 8.938101 V
[15:12:13] 69/181  axis=X  angle=-22.000000  (inc=22.000000, az=180.000000)  ->  V = 9.162670 V
[15:12:18] 70/181  axis=X  angle=-21.000000  (inc=21.000000, az=180.000000)  ->  V = 9.350008 V
[15:12:22] 71/181  axis=X  angle=-20.000000  (inc=20.000000, az=180.000000)  ->  V = 9.533217 V
[15:12:26] 72/181  axis=X  angle=-19.000000  (inc=19.000000, az=180.000000)  ->  V = 9.715452 V
[15:12:30] 73/181  axis=X  angle=-18.000000  (inc=18.000000, az=180.000000)  ->  V = 9.909580 V
[15:12:34] 74/181  axis=X  angle=-17.000000  (inc=17.000000, az=180.000000)  ->  V = 10.086829 V
[15:12:38] 75/181  axis=X  angle=-16.000000  (inc=16.000000, az=180.000000)  ->  V = 10.249690 V
[15:12:42] 76/181  axis=X  angle=-15.000000  (inc=15.000000, az=180.000000)  ->  V = 10.391848 V
[15:12:47] 77/181  axis=X  angle=-14.000000  (inc=14.000000, az=180.000000)  ->  V = 10.534970 V
[15:12:51] 78/181  axis=X  angle=-13.000000  (inc=13.000000, az=180.000000)  ->  V = 10.696030 V
[15:12:55] 79/181  axis=X  angle=-12.000000  (inc=12.000000, az=180.000000)  ->  V = 10.831149 V
[15:12:59] 80/181  axis=X  angle=-11.000000  (inc=11.000000, az=180.000000)  ->  V = 10.938389 V
[15:13:03] 81/181  axis=X  angle=-10.000000  (inc=10.000000, az=180.000000)  ->  V = 10.938389 V
[15:13:07] 82/181  axis=X  angle=-9.000000  (inc=9.000000, az=180.000000)  ->  V = 10.938389 V
[15:13:11] 83/181  axis=X  angle=-8.000000  (inc=8.000000, az=180.000000)  ->  V = 10.938389 V
[15:13:16] 84/181  axis=X  angle=-7.000000  (inc=7.000000, az=180.000000)  ->  V = 10.938389 V
[15:13:20] 85/181  axis=X  angle=-6.000000  (inc=6.000000, az=180.000000)  ->  V = 10.938389 V
[15:13:24] 86/181  axis=X  angle=-5.000000  (inc=5.000000, az=180.000000)  ->  V = 10.938389 V
[15:13:28] 87/181  axis=X  angle=-4.000000  (inc=4.000000, az=180.000000)  ->  V = 10.938389 V
[15:13:32] 88/181  axis=X  angle=-3.000000  (inc=3.000000, az=180.000000)  ->  V = 10.938389 V
[15:13:36] 89/181  axis=X  angle=-2.000000  (inc=2.000000, az=180.000000)  ->  V = 10.938389 V
[15:13:40] 90/181  axis=X  angle=-1.000000  (inc=1.000000, az=180.000000)  ->  V = 10.938389 V
[15:13:44] 91/181  axis=X  angle=0.000000  (inc=0.000000, az=0.000000)  ->  V = 10.938389 V
[15:13:49] 92/181  axis=X  angle=1.000000  (inc=1.000000, az=0.000000)  ->  V = 10.938389 V
[15:13:53] 93/181  axis=X  angle=2.000000  (inc=2.000000, az=0.000000)  ->  V = 10.938389 V
[15:13:57] 94/181  axis=X  angle=3.000000  (inc=3.000000, az=0.000000)  ->  V = 10.938389 V
[15:14:01] 95/181  axis=X  angle=4.000000  (inc=4.000000, az=0.000000)  ->  V = 10.938389 V
[15:14:05] 96/181  axis=X  angle=5.000000  (inc=5.000000, az=0.000000)  ->  V = 10.938389 V
[15:14:09] 97/181  axis=X  angle=6.000000  (inc=6.000000, az=0.000000)  ->  V = 10.938389 V
[15:14:14] 98/181  axis=X  angle=7.000000  (inc=7.000000, az=0.000000)  ->  V = 10.938389 V
[15:14:18] 99/181  axis=X  angle=8.000000  (inc=8.000000, az=0.000000)  ->  V = 10.938389 V
[15:14:22] 100/181  axis=X  angle=9.000000  (inc=9.000000, az=0.000000)  ->  V = 10.938389 V
[15:14:26] 101/181  axis=X  angle=10.000000  (inc=10.000000, az=0.000000)  ->  V = 10.938389 V
[15:14:30] 102/181  axis=X  angle=11.000000  (inc=11.000000, az=0.000000)  ->  V = 10.938389 V
[15:14:34] 103/181  axis=X  angle=12.000000  (inc=12.000000, az=0.000000)  ->  V = 10.938389 V
[15:14:38] 104/181  axis=X  angle=13.000000  (inc=13.000000, az=0.000000)  ->  V = 10.938389 V
[15:14:43] 105/181  axis=X  angle=14.000000  (inc=14.000000, az=0.000000)  ->  V = 10.934820 V
[15:14:47] 106/181  axis=X  angle=15.000000  (inc=15.000000, az=0.000000)  ->  V = 10.794563 V
[15:14:51] 107/181  axis=X  angle=16.000000  (inc=16.000000, az=0.000000)  ->  V = 10.669226 V
[15:14:55] 108/181  axis=X  angle=17.000000  (inc=17.000000, az=0.000000)  ->  V = 10.517583 V
[15:14:59] 109/181  axis=X  angle=18.000000  (inc=18.000000, az=0.000000)  ->  V = 10.377231 V
[15:15:03] 110/181  axis=X  angle=19.000000  (inc=19.000000, az=0.000000)  ->  V = 10.215954 V
[15:15:07] 111/181  axis=X  angle=20.000000  (inc=20.000000, az=0.000000)  ->  V = 10.058892 V
[15:15:11] 112/181  axis=X  angle=21.000000  (inc=21.000000, az=0.000000)  ->  V = 9.876101 V
[15:15:16] 113/181  axis=X  angle=22.000000  (inc=22.000000, az=0.000000)  ->  V = 9.725305 V
[15:15:20] 114/181  axis=X  angle=23.000000  (inc=23.000000, az=0.000000)  ->  V = 9.547352 V
[15:15:24] 115/181  axis=X  angle=24.000000  (inc=24.000000, az=0.000000)  ->  V = 9.369195 V
[15:15:28] 116/181  axis=X  angle=25.000000  (inc=25.000000, az=0.000000)  ->  V = 9.182848 V
[15:15:32] 117/181  axis=X  angle=26.000000  (inc=26.000000, az=0.000000)  ->  V = 9.002380 V
[15:15:36] 118/181  axis=X  angle=27.000000  (inc=27.000000, az=0.000000)  ->  V = 8.807988 V
[15:15:40] 119/181  axis=X  angle=28.000000  (inc=28.000000, az=0.000000)  ->  V = 8.607967 V
[15:15:45] 120/181  axis=X  angle=29.000000  (inc=29.000000, az=0.000000)  ->  V = 8.392529 V
[15:15:49] 121/181  axis=X  angle=30.000000  (inc=30.000000, az=0.000000)  ->  V = 8.178010 V
[15:15:53] 122/181  axis=X  angle=31.000000  (inc=31.000000, az=0.000000)  ->  V = 7.973012 V
[15:15:57] 123/181  axis=X  angle=32.000000  (inc=32.000000, az=0.000000)  ->  V = 7.762850 V
[15:16:01] 124/181  axis=X  angle=33.000000  (inc=33.000000, az=0.000000)  ->  V = 7.539048 V
[15:16:06] 125/181  axis=X  angle=34.000000  (inc=34.000000, az=0.000000)  ->  V = 7.310970 V
[15:16:10] 126/181  axis=X  angle=35.000000  (inc=35.000000, az=0.000000)  ->  V = 7.103144 V
[15:16:14] 127/181  axis=X  angle=36.000000  (inc=36.000000, az=0.000000)  ->  V = 6.882107 V
[15:16:18] 128/181  axis=X  angle=37.000000  (inc=37.000000, az=0.000000)  ->  V = 6.657207 V
[15:16:22] 129/181  axis=X  angle=38.000000  (inc=38.000000, az=0.000000)  ->  V = 6.430340 V
[15:16:26] 130/181  axis=X  angle=39.000000  (inc=39.000000, az=0.000000)  ->  V = 6.209190 V
[15:16:30] 131/181  axis=X  angle=40.000000  (inc=40.000000, az=0.000000)  ->  V = 5.990038 V
[15:16:34] 132/181  axis=X  angle=41.000000  (inc=41.000000, az=0.000000)  ->  V = 5.735335 V
[15:16:39] 133/181  axis=X  angle=42.000000  (inc=42.000000, az=0.000000)  ->  V = 5.489091 V
[15:16:43] 134/181  axis=X  angle=43.000000  (inc=43.000000, az=0.000000)  ->  V = 5.257075 V
[15:16:47] 135/181  axis=X  angle=44.000000  (inc=44.000000, az=0.000000)  ->  V = 5.003257 V
[15:16:51] 136/181  axis=X  angle=45.000000  (inc=45.000000, az=0.000000)  ->  V = 4.760779 V
[15:16:55] 137/181  axis=X  angle=46.000000  (inc=46.000000, az=0.000000)  ->  V = 4.530082 V
[15:16:59] 138/181  axis=X  angle=47.000000  (inc=47.000000, az=0.000000)  ->  V = 4.276920 V
[15:17:03] 139/181  axis=X  angle=48.000000  (inc=48.000000, az=0.000000)  ->  V = 4.009185 V
[15:17:08] 140/181  axis=X  angle=49.000000  (inc=49.000000, az=0.000000)  ->  V = 3.744739 V
[15:17:12] 141/181  axis=X  angle=50.000000  (inc=50.000000, az=0.000000)  ->  V = 3.518620 V
[15:17:16] 142/181  axis=X  angle=51.000000  (inc=51.000000, az=0.000000)  ->  V = 3.269879 V
[15:17:20] 143/181  axis=X  angle=52.000000  (inc=52.000000, az=0.000000)  ->  V = 3.021626 V
[15:17:24] 144/181  axis=X  angle=53.000000  (inc=53.000000, az=0.000000)  ->  V = 2.801687 V
[15:17:28] 145/181  axis=X  angle=54.000000  (inc=54.000000, az=0.000000)  ->  V = 2.557919 V
[15:17:33] 146/181  axis=X  angle=55.000000  (inc=55.000000, az=0.000000)  ->  V = 2.350341 V
[15:17:37] 147/181  axis=X  angle=56.000000  (inc=56.000000, az=0.000000)  ->  V = 2.154154 V
[15:17:41] 148/181  axis=X  angle=57.000000  (inc=57.000000, az=0.000000)  ->  V = 1.970278 V
[15:17:45] 149/181  axis=X  angle=58.000000  (inc=58.000000, az=0.000000)  ->  V = 1.816848 V
[15:17:49] 150/181  axis=X  angle=59.000000  (inc=59.000000, az=0.000000)  ->  V = 1.681768 V
[15:17:53] 151/181  axis=X  angle=60.000000  (inc=60.000000, az=0.000000)  ->  V = 1.554873 V
[15:17:57] 152/181  axis=X  angle=61.000000  (inc=61.000000, az=0.000000)  ->  V = 1.450861 V
[15:18:01] 153/181  axis=X  angle=62.000000  (inc=62.000000, az=0.000000)  ->  V = 1.346280 V
[15:18:06] 154/181  axis=X  angle=63.000000  (inc=63.000000, az=0.000000)  ->  V = 1.253665 V
[15:18:10] 155/181  axis=X  angle=64.000000  (inc=64.000000, az=0.000000)  ->  V = 1.175471 V
[15:18:14] 156/181  axis=X  angle=65.000000  (inc=65.000000, az=0.000000)  ->  V = 1.112737 V
[15:18:18] 157/181  axis=X  angle=66.000000  (inc=66.000000, az=0.000000)  ->  V = 1.051501 V
[15:18:22] 158/181  axis=X  angle=67.000000  (inc=67.000000, az=0.000000)  ->  V = 0.998049 V
[15:18:26] 159/181  axis=X  angle=68.000000  (inc=68.000000, az=0.000000)  ->  V = 0.953172 V
[15:18:30] 160/181  axis=X  angle=69.000000  (inc=69.000000, az=0.000000)  ->  V = 0.906754 V
[15:18:35] 161/181  axis=X  angle=70.000000  (inc=70.000000, az=0.000000)  ->  V = 0.869298 V
[15:18:39] 162/181  axis=X  angle=71.000000  (inc=71.000000, az=0.000000)  ->  V = 0.839271 V
[15:18:43] 163/181  axis=X  angle=72.000000  (inc=72.000000, az=0.000000)  ->  V = 0.815283 V
[15:18:47] 164/181  axis=X  angle=73.000000  (inc=73.000000, az=0.000000)  ->  V = 0.793390 V
[15:18:51] 165/181  axis=X  angle=74.000000  (inc=74.000000, az=0.000000)  ->  V = 0.774275 V
[15:18:55] 166/181  axis=X  angle=75.000000  (inc=75.000000, az=0.000000)  ->  V = 0.761813 V
[15:19:00] 167/181  axis=X  angle=76.000000  (inc=76.000000, az=0.000000)  ->  V = 0.751148 V
[15:19:04] 168/181  axis=X  angle=77.000000  (inc=77.000000, az=0.000000)  ->  V = 0.747111 V
[15:19:08] 169/181  axis=X  angle=78.000000  (inc=78.000000, az=0.000000)  ->  V = 0.747502 V
[15:19:12] 170/181  axis=X  angle=79.000000  (inc=79.000000, az=0.000000)  ->  V = 0.737188 V
[15:19:16] 171/181  axis=X  angle=80.000000  (inc=80.000000, az=0.000000)  ->  V = 0.723758 V
[15:19:20] 172/181  axis=X  angle=81.000000  (inc=81.000000, az=0.000000)  ->  V = 0.711212 V
[15:19:24] 173/181  axis=X  angle=82.000000  (inc=82.000000, az=0.000000)  ->  V = 0.699545 V
[15:19:29] 174/181  axis=X  angle=83.000000  (inc=83.000000, az=0.000000)  ->  V = 0.721789 V
[15:19:33] 175/181  axis=X  angle=84.000000  (inc=84.000000, az=0.000000)  ->  V = 0.768943 V
[15:19:37] 176/181  axis=X  angle=85.000000  (inc=85.000000, az=0.000000)  ->  V = 0.800031 V
[15:19:41] 177/181  axis=X  angle=86.000000  (inc=86.000000, az=0.000000)  ->  V = 0.801717 V
[15:19:45] 178/181  axis=X  angle=87.000000  (inc=87.000000, az=0.000000)  ->  V = 0.798601 V
[15:19:49] 179/181  axis=X  angle=88.000000  (inc=88.000000, az=0.000000)  ->  V = 0.660174 V
[15:19:54] 180/181  axis=X  angle=89.000000  (inc=89.000000, az=0.000000)  ->  V = 0.584940 V
[15:20:02] 181/181  axis=X  angle=90.000000  (inc=90.000000, az=0.000000)  ->  V = 0.718163 V

[V_dark] Sweep finished. Turn the LED OFF and press Enter to measure the baseline (or 's' + Enter to skip)...  V_dark mean=0.715518 V, std=0.002079 V

=== SINGLE-AXIS SWEEP COMPLETED ===
Data: output/sub0_axis_sweep/20260721_150622/data.csv
[Info] Sending command for receiver to face the transmitter (finish)...
