
Session folder: output/sub3_spatial/20260717_161259
Console log:    output/sub3_spatial/20260717_161259/run.log


#########################################################
# POINT 1/5   target = (0.5, -0.5, 1.2)
#########################################################
[16:13:07] Moving receiver to target...
  -> NOT REACHABLE (server: 'unobtainable'). Skipping point.

#########################################################
# POINT 2/5   target = (0.5, -0.4, 1.2)
#########################################################
[16:13:07] Moving receiver to target...
  -> NOT REACHABLE (server: 'unobtainable'). Skipping point.

#########################################################
# POINT 3/5   target = (0.5, -0.3, 1.2)
#########################################################
[16:13:07] Moving receiver to target...
  -> NOT REACHABLE (server: 'unobtainable'). Skipping point.

#########################################################
# POINT 4/5   target = (0.25, -0.5, 1.2)
#########################################################
[16:13:07] Moving receiver to target...
  -> reachable.
  point_id = 20260717_161259_1

--- STAGE 1/3: Vertical baseline scan {K} (PD -> zenith) ---
[16:13:07] Setting PD to vertical...
[Info] Sending command for receiver to face upward (vertical)...
    [vertical rep 1/1] LED orient 1/9 (nt_incl=0, nt_az=0)  ->  V = 5.034003 V
    [vertical rep 1/1] LED orient 2/9 (nt_incl=34, nt_az=182)  ->  V = 1.032495 V
    [vertical rep 1/1] LED orient 3/9 (nt_incl=37, nt_az=267)  ->  V = 8.056456 V
    [vertical rep 1/1] LED orient 4/9 (nt_incl=37, nt_az=355)  ->  V = 6.084981 V
    [vertical rep 1/1] LED orient 5/9 (nt_incl=42, nt_az=78)  ->  V = 0.594738 V
    [vertical rep 1/1] LED orient 6/9 (nt_incl=53, nt_az=97)  ->  V = 0.430634 V
    [vertical rep 1/1] LED orient 7/9 (nt_incl=57, nt_az=179)  ->  V = 0.510982 V
    [vertical rep 1/1] LED orient 8/9 (nt_incl=58, nt_az=360)  ->  V = 2.932854 V
    [vertical rep 1/1] LED orient 9/9 (nt_incl=58, nt_az=272)  ->  V = 5.961345 V
  STAGE 1 done (vertical {K}).

--- STAGE 2/3: Cooperative measurement {K+1} ---
[16:14:18] Setting PD pointed to LED...
[Info] Sending command for receiver to face the transmitter (pointed)...
  Aiming LED to receiver (nt_incl=34.9447, nt_az=296.565)...
    [K+1 rep 1/1]  ->  V = 10.938389 V
  STAGE 2 done (K+1).

--- STAGE 3/3: Random-tilt scans {K} (PD tilted) ---
[16:14:34] Tilt scan 1/1: PD theta=6.5817 deg, az=99.6898 deg
[Info] Sending tilt command: theta=6.5817 deg, az=99.6898 deg...
    [tilt#1 rep 1/1] LED orient 1/9 (nt_incl=0, nt_az=0)  ->  V = 5.485395 V
    [tilt#1 rep 1/1] LED orient 2/9 (nt_incl=34, nt_az=182)  ->  V = 1.117875 V
    [tilt#1 rep 1/1] LED orient 3/9 (nt_incl=37, nt_az=267)  ->  V = 8.754883 V
    [tilt#1 rep 1/1] LED orient 4/9 (nt_incl=37, nt_az=355)  ->  V = 6.622388 V
    [tilt#1 rep 1/1] LED orient 5/9 (nt_incl=42, nt_az=78)  ->  V = 0.648709 V
    [tilt#1 rep 1/1] LED orient 6/9 (nt_incl=53, nt_az=97)  ->  V = 0.473858 V
    [tilt#1 rep 1/1] LED orient 7/9 (nt_incl=57, nt_az=179)  ->  V = 0.551088 V
    [tilt#1 rep 1/1] LED orient 8/9 (nt_incl=58, nt_az=360)  ->  V = 3.180690 V
    [tilt#1 rep 1/1] LED orient 9/9 (nt_incl=58, nt_az=272)  ->  V = 6.463756 V
  STAGE 3 done (tilt {K}).
[Info] Sending command for receiver to face the transmitter (finish)...
[16:15:48] POINT 4/5 COMPLETED and marked done in the positions file.
[16:15:48] Point 5/5 already marked done -> skip.

=========================================================
 SPATIAL CAMPAIGN COMPLETED
=========================================================
  Points recorded: 1
  Data folder:     output/sub3_spatial/20260717_161259
  Console log:     output/sub3_spatial/20260717_161259/run.log
